// Vitest Snapshot v1, https://vitest.dev/guide/snapshot.html

exports[`Navbar tests > should render Navbar 1`] = `
{
  "asFragment": [Function],
  "baseElement": <body>
    <div>
      <header
        class="_header_39d119 border-bottom"
      >
        <div
          class="_nav_39d119 container"
        >
          <a
            aria-current="page"
            class="_logo_39d119 active"
            href="/"
            style="border: 0px; color: rgb(27, 27, 27);"
          >
            <img
              alt="logo"
              src="/src/Images/planet.png"
            />
            <span
              class="_logoName_39d119"
            >
              Space Traveler's Hub
            </span>
          </a>
          <ul
            class="_links_39d119"
          >
            <li>
              <a
                aria-current="page"
                class="active"
                href="/"
              >
                Rockets
              </a>
            </li>
            <li>
              <a
                href="/missions"
              >
                Missions
              </a>
            </li>
            <li>
              <a
                href="/myprofile"
              >
                My Profile
              </a>
            </li>
          </ul>
        </div>
      </header>
    </div>
  </body>,
  "container": <div>
    <header
      class="_header_39d119 border-bottom"
    >
      <div
        class="_nav_39d119 container"
      >
        <a
          aria-current="page"
          class="_logo_39d119 active"
          href="/"
          style="border: 0px; color: rgb(27, 27, 27);"
        >
          <img
            alt="logo"
            src="/src/Images/planet.png"
          />
          <span
            class="_logoName_39d119"
          >
            Space Traveler's Hub
          </span>
        </a>
        <ul
          class="_links_39d119"
        >
          <li>
            <a
              aria-current="page"
              class="active"
              href="/"
            >
              Rockets
            </a>
          </li>
          <li>
            <a
              href="/missions"
            >
              Missions
            </a>
          </li>
          <li>
            <a
              href="/myprofile"
            >
              My Profile
            </a>
          </li>
        </ul>
      </div>
    </header>
  </div>,
  "debug": [Function],
  "findAllByAltText": [Function],
  "findAllByDisplayValue": [Function],
  "findAllByLabelText": [Function],
  "findAllByPlaceholderText": [Function],
  "findAllByRole": [Function],
  "findAllByTestId": [Function],
  "findAllByText": [Function],
  "findAllByTitle": [Function],
  "findByAltText": [Function],
  "findByDisplayValue": [Function],
  "findByLabelText": [Function],
  "findByPlaceholderText": [Function],
  "findByRole": [Function],
  "findByTestId": [Function],
  "findByText": [Function],
  "findByTitle": [Function],
  "getAllByAltText": [Function],
  "getAllByDisplayValue": [Function],
  "getAllByLabelText": [Function],
  "getAllByPlaceholderText": [Function],
  "getAllByRole": [Function],
  "getAllByTestId": [Function],
  "getAllByText": [Function],
  "getAllByTitle": [Function],
  "getByAltText": [Function],
  "getByDisplayValue": [Function],
  "getByLabelText": [Function],
  "getByPlaceholderText": [Function],
  "getByRole": [Function],
  "getByTestId": [Function],
  "getByText": [Function],
  "getByTitle": [Function],
  "queryAllByAltText": [Function],
  "queryAllByDisplayValue": [Function],
  "queryAllByLabelText": [Function],
  "queryAllByPlaceholderText": [Function],
  "queryAllByRole": [Function],
  "queryAllByTestId": [Function],
  "queryAllByText": [Function],
  "queryAllByTitle": [Function],
  "queryByAltText": [Function],
  "queryByDisplayValue": [Function],
  "queryByLabelText": [Function],
  "queryByPlaceholderText": [Function],
  "queryByRole": [Function],
  "queryByTestId": [Function],
  "queryByText": [Function],
  "queryByTitle": [Function],
  "rerender": [Function],
  "unmount": [Function],
}
`;
